// Jest Snapshot v1, https://goo.gl/fbAQLP

exports[`throws error for non-existent icon 1`] = `"Icon not in icon list."`;
